// Jest Snapshot v1, https://goo.gl/fbAQLP

exports[`Button component renders with default props 1`] = `
<View
  accessible={true}
  isTVSelectable={true}
  onResponderGrant={[Function]}
  onResponderMove={[Function]}
  onResponderRelease={[Function]}
  onResponderTerminate={[Function]}
  onResponderTerminationRequest={[Function]}
  onStartShouldSetResponder={[Function]}
  style={
    Object {
      "alignItems": "center",
      "backgroundColor": "rgb(115,115,115)",
      "borderRadius": 15,
      "height": 60,
      "justifyContent": "center",
      "margin": 3,
      "opacity": 1,
      "width": "30%",
    }
  }
>
  <Text
    style={
      Object {
        "color": "white",
        "fontSize": 20,
        "fontWeight": "bold",
      }
    }
  />
  <Text
    style={
      Object {
        "color": "white",
      }
    }
  >
    Button
  </Text>
</View>
`;
