// Jest Snapshot v1, https://goo.gl/fbAQLP

exports[`Suggestion component renders with default props 1`] = `
<View
  accessible={true}
  isTVSelectable={true}
  onResponderGrant={[Function]}
  onResponderMove={[Function]}
  onResponderRelease={[Function]}
  onResponderTerminate={[Function]}
  onResponderTerminationRequest={[Function]}
  onStartShouldSetResponder={[Function]}
  style={
    Object {
      "display": "flex",
      "height": 60,
      "justifyContent": "center",
      "marginRight": 30,
      "opacity": 1,
    }
  }
>
  <Text
    style={
      Object {
        "color": "white",
        "fontSize": 30,
      }
    }
  >
    Hello
  </Text>
</View>
`;
