// Jest Snapshot v1, https://goo.gl/fbAQLP

exports[`Keypad component renders with default props 1`] = `
<View
  style={
    Object {
      "flexDirection": "row",
      "flexWrap": "wrap",
      "justifyContent": "center",
    }
  }
>
  <View
    accessible={true}
    isTVSelectable={true}
    onResponderGrant={[Function]}
    onResponderMove={[Function]}
    onResponderRelease={[Function]}
    onResponderTerminate={[Function]}
    onResponderTerminationRequest={[Function]}
    onStartShouldSetResponder={[Function]}
    style={
      Object {
        "alignItems": "center",
        "backgroundColor": "rgb(115,115,115)",
        "borderRadius": 15,
        "height": 60,
        "justifyContent": "center",
        "margin": 3,
        "opacity": 1,
        "width": "30%",
      }
    }
  >
    <Text
      style={
        Object {
          "color": "white",
          "fontSize": 20,
          "fontWeight": "bold",
        }
      }
    >
      1
    </Text>
    <Text
      style={
        Object {
          "color": "white",
        }
      }
    >
      
    </Text>
  </View>
  <View
    accessible={true}
    isTVSelectable={true}
    onResponderGrant={[Function]}
    onResponderMove={[Function]}
    onResponderRelease={[Function]}
    onResponderTerminate={[Function]}
    onResponderTerminationRequest={[Function]}
    onStartShouldSetResponder={[Function]}
    style={
      Object {
        "alignItems": "center",
        "backgroundColor": "rgb(115,115,115)",
        "borderRadius": 15,
        "height": 60,
        "justifyContent": "center",
        "margin": 3,
        "opacity": 1,
        "width": "30%",
      }
    }
  >
    <Text
      style={
        Object {
          "color": "white",
          "fontSize": 20,
          "fontWeight": "bold",
        }
      }
    >
      2
    </Text>
    <Text
      style={
        Object {
          "color": "white",
        }
      }
    >
      abc
    </Text>
  </View>
  <View
    accessible={true}
    isTVSelectable={true}
    onResponderGrant={[Function]}
    onResponderMove={[Function]}
    onResponderRelease={[Function]}
    onResponderTerminate={[Function]}
    onResponderTerminationRequest={[Function]}
    onStartShouldSetResponder={[Function]}
    style={
      Object {
        "alignItems": "center",
        "backgroundColor": "rgb(115,115,115)",
        "borderRadius": 15,
        "height": 60,
        "justifyContent": "center",
        "margin": 3,
        "opacity": 1,
        "width": "30%",
      }
    }
  >
    <Text
      style={
        Object {
          "color": "white",
          "fontSize": 20,
          "fontWeight": "bold",
        }
      }
    >
      3
    </Text>
    <Text
      style={
        Object {
          "color": "white",
        }
      }
    >
      def
    </Text>
  </View>
  <View
    accessible={true}
    isTVSelectable={true}
    onResponderGrant={[Function]}
    onResponderMove={[Function]}
    onResponderRelease={[Function]}
    onResponderTerminate={[Function]}
    onResponderTerminationRequest={[Function]}
    onStartShouldSetResponder={[Function]}
    style={
      Object {
        "alignItems": "center",
        "backgroundColor": "rgb(115,115,115)",
        "borderRadius": 15,
        "height": 60,
        "justifyContent": "center",
        "margin": 3,
        "opacity": 1,
        "width": "30%",
      }
    }
  >
    <Text
      style={
        Object {
          "color": "white",
          "fontSize": 20,
          "fontWeight": "bold",
        }
      }
    >
      4
    </Text>
    <Text
      style={
        Object {
          "color": "white",
        }
      }
    >
      ghi
    </Text>
  </View>
  <View
    accessible={true}
    isTVSelectable={true}
    onResponderGrant={[Function]}
    onResponderMove={[Function]}
    onResponderRelease={[Function]}
    onResponderTerminate={[Function]}
    onResponderTerminationRequest={[Function]}
    onStartShouldSetResponder={[Function]}
    style={
      Object {
        "alignItems": "center",
        "backgroundColor": "rgb(115,115,115)",
        "borderRadius": 15,
        "height": 60,
        "justifyContent": "center",
        "margin": 3,
        "opacity": 1,
        "width": "30%",
      }
    }
  >
    <Text
      style={
        Object {
          "color": "white",
          "fontSize": 20,
          "fontWeight": "bold",
        }
      }
    >
      5
    </Text>
    <Text
      style={
        Object {
          "color": "white",
        }
      }
    >
      jkl
    </Text>
  </View>
  <View
    accessible={true}
    isTVSelectable={true}
    onResponderGrant={[Function]}
    onResponderMove={[Function]}
    onResponderRelease={[Function]}
    onResponderTerminate={[Function]}
    onResponderTerminationRequest={[Function]}
    onStartShouldSetResponder={[Function]}
    style={
      Object {
        "alignItems": "center",
        "backgroundColor": "rgb(115,115,115)",
        "borderRadius": 15,
        "height": 60,
        "justifyContent": "center",
        "margin": 3,
        "opacity": 1,
        "width": "30%",
      }
    }
  >
    <Text
      style={
        Object {
          "color": "white",
          "fontSize": 20,
          "fontWeight": "bold",
        }
      }
    >
      6
    </Text>
    <Text
      style={
        Object {
          "color": "white",
        }
      }
    >
      mno
    </Text>
  </View>
  <View
    accessible={true}
    isTVSelectable={true}
    onResponderGrant={[Function]}
    onResponderMove={[Function]}
    onResponderRelease={[Function]}
    onResponderTerminate={[Function]}
    onResponderTerminationRequest={[Function]}
    onStartShouldSetResponder={[Function]}
    style={
      Object {
        "alignItems": "center",
        "backgroundColor": "rgb(115,115,115)",
        "borderRadius": 15,
        "height": 60,
        "justifyContent": "center",
        "margin": 3,
        "opacity": 1,
        "width": "30%",
      }
    }
  >
    <Text
      style={
        Object {
          "color": "white",
          "fontSize": 20,
          "fontWeight": "bold",
        }
      }
    >
      7
    </Text>
    <Text
      style={
        Object {
          "color": "white",
        }
      }
    >
      pqrs
    </Text>
  </View>
  <View
    accessible={true}
    isTVSelectable={true}
    onResponderGrant={[Function]}
    onResponderMove={[Function]}
    onResponderRelease={[Function]}
    onResponderTerminate={[Function]}
    onResponderTerminationRequest={[Function]}
    onStartShouldSetResponder={[Function]}
    style={
      Object {
        "alignItems": "center",
        "backgroundColor": "rgb(115,115,115)",
        "borderRadius": 15,
        "height": 60,
        "justifyContent": "center",
        "margin": 3,
        "opacity": 1,
        "width": "30%",
      }
    }
  >
    <Text
      style={
        Object {
          "color": "white",
          "fontSize": 20,
          "fontWeight": "bold",
        }
      }
    >
      8
    </Text>
    <Text
      style={
        Object {
          "color": "white",
        }
      }
    >
      tuv
    </Text>
  </View>
  <View
    accessible={true}
    isTVSelectable={true}
    onResponderGrant={[Function]}
    onResponderMove={[Function]}
    onResponderRelease={[Function]}
    onResponderTerminate={[Function]}
    onResponderTerminationRequest={[Function]}
    onStartShouldSetResponder={[Function]}
    style={
      Object {
        "alignItems": "center",
        "backgroundColor": "rgb(115,115,115)",
        "borderRadius": 15,
        "height": 60,
        "justifyContent": "center",
        "margin": 3,
        "opacity": 1,
        "width": "30%",
      }
    }
  >
    <Text
      style={
        Object {
          "color": "white",
          "fontSize": 20,
          "fontWeight": "bold",
        }
      }
    >
      9
    </Text>
    <Text
      style={
        Object {
          "color": "white",
        }
      }
    >
      vwxy
    </Text>
  </View>
  <View
    accessible={true}
    isTVSelectable={true}
    onResponderGrant={[Function]}
    onResponderMove={[Function]}
    onResponderRelease={[Function]}
    onResponderTerminate={[Function]}
    onResponderTerminationRequest={[Function]}
    onStartShouldSetResponder={[Function]}
    style={
      Object {
        "alignItems": "center",
        "backgroundColor": "rgb(115,115,115)",
        "borderRadius": 15,
        "height": 60,
        "justifyContent": "center",
        "margin": 3,
        "opacity": 1,
        "width": "30%",
      }
    }
  >
    <Text
      style={
        Object {
          "color": "white",
          "fontSize": 20,
          "fontWeight": "bold",
        }
      }
    >
      *
    </Text>
    <Text
      style={
        Object {
          "color": "white",
        }
      }
    >
      DELETE
    </Text>
  </View>
  <View
    accessible={true}
    isTVSelectable={true}
    onResponderGrant={[Function]}
    onResponderMove={[Function]}
    onResponderRelease={[Function]}
    onResponderTerminate={[Function]}
    onResponderTerminationRequest={[Function]}
    onStartShouldSetResponder={[Function]}
    style={
      Object {
        "alignItems": "center",
        "backgroundColor": "rgb(115,115,115)",
        "borderRadius": 15,
        "height": 60,
        "justifyContent": "center",
        "margin": 3,
        "opacity": 1,
        "width": "30%",
      }
    }
  >
    <Text
      style={
        Object {
          "color": "white",
          "fontSize": 20,
          "fontWeight": "bold",
        }
      }
    >
      0
    </Text>
    <Text
      style={
        Object {
          "color": "white",
        }
      }
    >
      REAL
    </Text>
  </View>
  <View
    accessible={true}
    isTVSelectable={true}
    onResponderGrant={[Function]}
    onResponderMove={[Function]}
    onResponderRelease={[Function]}
    onResponderTerminate={[Function]}
    onResponderTerminationRequest={[Function]}
    onStartShouldSetResponder={[Function]}
    style={
      Object {
        "alignItems": "center",
        "backgroundColor": "rgb(115,115,115)",
        "borderRadius": 15,
        "height": 60,
        "justifyContent": "center",
        "margin": 3,
        "opacity": 1,
        "width": "30%",
      }
    }
  >
    <Text
      style={
        Object {
          "color": "white",
          "fontSize": 20,
          "fontWeight": "bold",
        }
      }
    >
      #
    </Text>
    <Text
      style={
        Object {
          "color": "white",
        }
      }
    >
      RESET
    </Text>
  </View>
</View>
`;
