// Jest Snapshot v1, https://goo.gl/fbAQLP

exports[`Keypad component renders with default props 1`] = `
<View
  style={
    Object {
      "flexDirection": "row",
      "flexWrap": "wrap",
    }
  }
>
  <View
    accessible={true}
    isTVSelectable={true}
    onResponderGrant={[Function]}
    onResponderMove={[Function]}
    onResponderRelease={[Function]}
    onResponderTerminate={[Function]}
    onResponderTerminationRequest={[Function]}
    onStartShouldSetResponder={[Function]}
    style={
      Object {
        "alignItems": "center",
        "backgroundColor": "grey",
        "borderRadius": 60,
        "height": 60,
        "justifyContent": "center",
        "opacity": 1,
        "width": "33%",
      }
    }
  >
    <Text
      style={
        Object {
          "color": "white",
        }
      }
    >
      
    </Text>
  </View>
  <View
    accessible={true}
    isTVSelectable={true}
    onResponderGrant={[Function]}
    onResponderMove={[Function]}
    onResponderRelease={[Function]}
    onResponderTerminate={[Function]}
    onResponderTerminationRequest={[Function]}
    onStartShouldSetResponder={[Function]}
    style={
      Object {
        "alignItems": "center",
        "backgroundColor": "grey",
        "borderRadius": 60,
        "height": 60,
        "justifyContent": "center",
        "opacity": 1,
        "width": "33%",
      }
    }
  >
    <Text
      style={
        Object {
          "color": "white",
        }
      }
    >
      abc
    </Text>
  </View>
  <View
    accessible={true}
    isTVSelectable={true}
    onResponderGrant={[Function]}
    onResponderMove={[Function]}
    onResponderRelease={[Function]}
    onResponderTerminate={[Function]}
    onResponderTerminationRequest={[Function]}
    onStartShouldSetResponder={[Function]}
    style={
      Object {
        "alignItems": "center",
        "backgroundColor": "grey",
        "borderRadius": 60,
        "height": 60,
        "justifyContent": "center",
        "opacity": 1,
        "width": "33%",
      }
    }
  >
    <Text
      style={
        Object {
          "color": "white",
        }
      }
    >
      def
    </Text>
  </View>
  <View
    accessible={true}
    isTVSelectable={true}
    onResponderGrant={[Function]}
    onResponderMove={[Function]}
    onResponderRelease={[Function]}
    onResponderTerminate={[Function]}
    onResponderTerminationRequest={[Function]}
    onStartShouldSetResponder={[Function]}
    style={
      Object {
        "alignItems": "center",
        "backgroundColor": "grey",
        "borderRadius": 60,
        "height": 60,
        "justifyContent": "center",
        "opacity": 1,
        "width": "33%",
      }
    }
  >
    <Text
      style={
        Object {
          "color": "white",
        }
      }
    >
      ghi
    </Text>
  </View>
  <View
    accessible={true}
    isTVSelectable={true}
    onResponderGrant={[Function]}
    onResponderMove={[Function]}
    onResponderRelease={[Function]}
    onResponderTerminate={[Function]}
    onResponderTerminationRequest={[Function]}
    onStartShouldSetResponder={[Function]}
    style={
      Object {
        "alignItems": "center",
        "backgroundColor": "grey",
        "borderRadius": 60,
        "height": 60,
        "justifyContent": "center",
        "opacity": 1,
        "width": "33%",
      }
    }
  >
    <Text
      style={
        Object {
          "color": "white",
        }
      }
    >
      jkl
    </Text>
  </View>
  <View
    accessible={true}
    isTVSelectable={true}
    onResponderGrant={[Function]}
    onResponderMove={[Function]}
    onResponderRelease={[Function]}
    onResponderTerminate={[Function]}
    onResponderTerminationRequest={[Function]}
    onStartShouldSetResponder={[Function]}
    style={
      Object {
        "alignItems": "center",
        "backgroundColor": "grey",
        "borderRadius": 60,
        "height": 60,
        "justifyContent": "center",
        "opacity": 1,
        "width": "33%",
      }
    }
  >
    <Text
      style={
        Object {
          "color": "white",
        }
      }
    >
      mno
    </Text>
  </View>
  <View
    accessible={true}
    isTVSelectable={true}
    onResponderGrant={[Function]}
    onResponderMove={[Function]}
    onResponderRelease={[Function]}
    onResponderTerminate={[Function]}
    onResponderTerminationRequest={[Function]}
    onStartShouldSetResponder={[Function]}
    style={
      Object {
        "alignItems": "center",
        "backgroundColor": "grey",
        "borderRadius": 60,
        "height": 60,
        "justifyContent": "center",
        "opacity": 1,
        "width": "33%",
      }
    }
  >
    <Text
      style={
        Object {
          "color": "white",
        }
      }
    >
      pqrs
    </Text>
  </View>
  <View
    accessible={true}
    isTVSelectable={true}
    onResponderGrant={[Function]}
    onResponderMove={[Function]}
    onResponderRelease={[Function]}
    onResponderTerminate={[Function]}
    onResponderTerminationRequest={[Function]}
    onStartShouldSetResponder={[Function]}
    style={
      Object {
        "alignItems": "center",
        "backgroundColor": "grey",
        "borderRadius": 60,
        "height": 60,
        "justifyContent": "center",
        "opacity": 1,
        "width": "33%",
      }
    }
  >
    <Text
      style={
        Object {
          "color": "white",
        }
      }
    >
      tuv
    </Text>
  </View>
  <View
    accessible={true}
    isTVSelectable={true}
    onResponderGrant={[Function]}
    onResponderMove={[Function]}
    onResponderRelease={[Function]}
    onResponderTerminate={[Function]}
    onResponderTerminationRequest={[Function]}
    onStartShouldSetResponder={[Function]}
    style={
      Object {
        "alignItems": "center",
        "backgroundColor": "grey",
        "borderRadius": 60,
        "height": 60,
        "justifyContent": "center",
        "opacity": 1,
        "width": "33%",
      }
    }
  >
    <Text
      style={
        Object {
          "color": "white",
        }
      }
    >
      vwxy
    </Text>
  </View>
</View>
`;
